// Jest Snapshot v1, https://goo.gl/fbAQLP

exports[`<Message> renderer Message 1`] = `
<div
  className="user-item"
>
  <div
    className="user-name-trash"
  >
    <span
      className="user-name"
    >
      Klim
    </span>
    <svg
      aria-hidden="true"
      className="MuiSvgIcon-root delete-icon"
      focusable="false"
      onClick={[Function]}
      role="presentation"
      viewBox="0 0 36 36"
    >
      <path
        d="M14.12 10.47L12 12.59l-2.13-2.12-1.41 1.41L10.59 14l-2.12 2.12 1.41 1.41L12 15.41l2.12 2.12 1.41-1.41L13.41 14l2.12-2.12zM15.5 4l-1-1h-5l-1 1H5v2h14V4zM6 19c0 1.1.9 2 2 2h8c1.1 0 2-.9 2-2V7H6v12zM8 9h8v10H8V9z"
      />
    </svg>
  </div>
  <span
    className="user-date"
  >
    2019-12-29 13:06
  </span>
  <span
    className="user-content"
  >
    AnyText
  </span>
</div>
`;
